
Running SCF calculation...
  Total energy: -213.123973 eV

Running DFPT phonon calculation...
  DFPT Phonon calculation completed successfully

Calculating Raman spectra...
  Raman calculation completed successfully
