
Running SCF calculation...
  Total energy: -230.280074 eV

1. Calculating charge density...
  pp.x completed successfully

2. Calculating DOS...
  dos.x completed successfully

3. Calculating PDOS...
  projwfc.x completed successfully

4. Organizing and processing PDOS files...
  PDOS files moved to pdos_results directory

6. Extracting Löwdin charges...
  Löwdin charges saved to lowdin.out
  Spilling parameter: 0.008900 (values <0.05 are good)

=== Electronic Structure Analysis Complete ===
Generated files:
- Charge density: charge_density.cube
- Total DOS: total_dos.dat
- PDOS files: pdos_results/
- Löwdin Charges: lowdin.out
