LÃ¶wdin Charges from projwfc.out:
================================
Lowdin Charges: 

     Atom #   1: total charge =   3.9644, s =  1.1603, 
     Atom #   1: total charge =   3.9644, p =  2.8041, pz=  0.9347, px=  0.9347, py=  0.9347, 
     Atom #   2: total charge =   3.9644, s =  1.1603, 
     Atom #   2: total charge =   3.9644, p =  2.8041, pz=  0.9347, px=  0.9347, py=  0.9347, 

Spilling Parameter: 0.008900
