
     Program PWSCF v.7.4.1 starts on 16Jul2025 at 11:39:14 

     This program is part of the open-source Quantum ESPRESSO suite
     for quantum simulation of materials; please cite
         "P. Giannozzi et al., J. Phys.:Condens. Matter 21 395502 (2009);
         "P. Giannozzi et al., J. Phys.:Condens. Matter 29 465901 (2017);
         "P. Giannozzi et al., J. Chem. Phys. 152 154105 (2020);
          URL http://www.quantum-espresso.org", 
     in publications or presentations arising from this work. More details at
     http://www.quantum-espresso.org/quote

     Serial version
     25127 MiB available memory on the printing compute node when the environment starts

     Waiting for input...
     Reading input from standard input

     Current dimensions of program PWSCF are:
     Max number of different atomic species (ntypx) = 10
     Max number of k-points (npk) =  40000
     Max angular momentum in pseudopotentials (lmaxx) =  4
     Message from routine setup:
     using ibrav=0 with symmetry is DISCOURAGED, use correct ibrav instead


     G-vector sticks info
     --------------------
     sticks:   dense  smooth     PW     G-vecs:    dense   smooth      PW
     Sum         433     433    127                 5985     5985     965

     Using Slab Decomposition



     bravais-lattice index     =            0
     lattice parameter (alat)  =       7.2555  a.u.
     unit-cell volume          =     270.0773 (a.u.)^3
     number of atoms/cell      =            2
     number of atomic types    =            1
     number of electrons       =         8.00
     number of Kohn-Sham states=            4
     kinetic-energy cutoff     =      30.0000  Ry
     charge density cutoff     =     120.0000  Ry
     scf convergence threshold =      1.0E-08
     mixing beta               =       0.7000
     number of iterations used =            8  plain     mixing
     Exchange-correlation= PBE
                           (   1   4   3   4   0   0   0)

     celldm(1)=   7.255506  celldm(2)=   0.000000  celldm(3)=   0.000000
     celldm(4)=   0.000000  celldm(5)=   0.000000  celldm(6)=   0.000000

     crystal axes: (cart. coord. in units of alat)
               a(1) = (   0.000000   0.707107   0.707107 )  
               a(2) = (   0.707107   0.000000   0.707107 )  
               a(3) = (   0.707107   0.707107   0.000000 )  

     reciprocal axes: (cart. coord. in units 2 pi/alat)
               b(1) = ( -0.707107  0.707107  0.707107 )  
               b(2) = (  0.707107 -0.707107  0.707107 )  
               b(3) = (  0.707107  0.707107 -0.707107 )  


     PseudoPot. # 1 for Si read from file:
     ./Si.upf
     MD5 check sum: 02fab3f35e82123ef5bf1cb05d5b1a5e
     Pseudo is Norm-conserving + core correction, Zval =  4.0
     Generated using ONCVPSP code by D. R. Hamann
     Using radial grid of 1510 points,  6 beta functions with: 
                l(1) =   0
                l(2) =   0
                l(3) =   1
                l(4) =   1
                l(5) =   2
                l(6) =   2

     atomic species   valence    mass     pseudopotential
     Si                4.00    28.08500     Si( 1.00)

     48 Sym. Ops., with inversion, found (24 have fractional translation)



   Cartesian axes

     site n.     atom                  positions (alat units)
         1        Si     tau(   1) = (   0.3535534   1.0606602   1.0606602  )
         2        Si     tau(   2) = (   0.0000000   0.0000000   0.0000000  )

     number of k points=     3
                       cart. coord. in units 2pi/alat
        k(    1) = (   0.0000000   0.0000000   0.0000000), wk =   0.2500000
        k(    2) = (  -0.3535534  -0.3535534   0.3535534), wk =   1.0000000
        k(    3) = (  -0.7071068   0.0000000   0.0000000), wk =   0.7500000

     Dense  grid:     5985 G-vectors     FFT dimensions: (  32,  32,  32)

     Estimated max dynamical RAM per process >       6.40 MB

     Initial potential from superposition of free atoms

     starting charge       7.9988, renormalised to       8.0000
     Starting wfcs are    8 randomized atomic wfcs

     total cpu time spent up to now is        0.1 secs

     Self-consistent Calculation

     iteration #  1     ecut=    30.00 Ry     beta= 0.70
     Davidson diagonalization with overlap
     ethr =  1.00E-02,  avg # of iterations =  2.0

     total cpu time spent up to now is        0.1 secs

     total energy              =     -16.73030845 Ry
     estimated scf accuracy    <       0.09058258 Ry

     iteration #  2     ecut=    30.00 Ry     beta= 0.70
     Davidson diagonalization with overlap
     ethr =  1.13E-03,  avg # of iterations =  1.7

     total cpu time spent up to now is        0.1 secs

     total energy              =     -16.73479734 Ry
     estimated scf accuracy    <       0.00685737 Ry

     iteration #  3     ecut=    30.00 Ry     beta= 0.70
     Davidson diagonalization with overlap
     ethr =  8.57E-05,  avg # of iterations =  2.3

     total cpu time spent up to now is        0.2 secs

     total energy              =     -16.73632924 Ry
     estimated scf accuracy    <       0.00009409 Ry

     iteration #  4     ecut=    30.00 Ry     beta= 0.70
     Davidson diagonalization with overlap
     ethr =  1.18E-06,  avg # of iterations =  4.7

     total cpu time spent up to now is        0.2 secs

     total energy              =     -16.73649084 Ry
     estimated scf accuracy    <       0.00000858 Ry

     iteration #  5     ecut=    30.00 Ry     beta= 0.70
     Davidson diagonalization with overlap
     ethr =  1.07E-07,  avg # of iterations =  3.3

     total cpu time spent up to now is        0.2 secs

     total energy              =     -16.73649278 Ry
     estimated scf accuracy    <       0.00000018 Ry

     iteration #  6     ecut=    30.00 Ry     beta= 0.70
     Davidson diagonalization with overlap
     ethr =  2.21E-09,  avg # of iterations =  6.3

     total cpu time spent up to now is        0.3 secs

     total energy              =     -16.73649303 Ry
     estimated scf accuracy    <       0.00000001 Ry

     iteration #  7     ecut=    30.00 Ry     beta= 0.70
     Davidson diagonalization with overlap
     ethr =  1.47E-10,  avg # of iterations =  2.7

     total cpu time spent up to now is        0.3 secs

     End of self-consistent calculation

          k = 0.0000 0.0000 0.0000 (   749 PWs)   bands (ev):

    -5.4894   6.5360   6.5360   6.5360

          k =-0.3536-0.3536 0.3536 (   754 PWs)   bands (ev):

    -3.1383  -0.5101   5.3041   5.3041

          k =-0.7071 0.0000 0.0000 (   740 PWs)   bands (ev):

    -1.3234  -1.3234   3.6128   3.6128

     highest occupied level (ev):     6.5360

!    total energy              =     -16.73649303 Ry
     estimated scf accuracy    <          2.1E-10 Ry

     The total energy is the sum of the following terms:
     one-electron contribution =       5.06217352 Ry
     hartree contribution      =       1.26314284 Ry
     xc contribution           =      -6.26224686 Ry
     ewald contribution        =     -16.79956254 Ry

     convergence has been achieved in   7 iterations

     Writing all to output data dir ./pwscf.save/ :
     XML data file, charge density, pseudopotentials, collected wavefunctions

     init_run     :      0.07s CPU      0.07s WALL (       1 calls)
     electrons    :      0.22s CPU      0.22s WALL (       1 calls)

     Called by init_run:
     wfcinit      :      0.01s CPU      0.01s WALL (       1 calls)
     potinit      :      0.02s CPU      0.02s WALL (       1 calls)
     hinit0       :      0.04s CPU      0.04s WALL (       1 calls)

     Called by electrons:
     c_bands      :      0.13s CPU      0.13s WALL (       7 calls)
     sum_band     :      0.03s CPU      0.03s WALL (       7 calls)
     v_of_rho     :      0.07s CPU      0.07s WALL (       8 calls)
     mix_rho      :      0.00s CPU      0.00s WALL (       7 calls)

     Called by c_bands:
     init_us_2    :      0.01s CPU      0.01s WALL (      45 calls)
     cegterg      :      0.12s CPU      0.12s WALL (      21 calls)

     Called by *egterg:
     cdiaghg      :      0.00s CPU      0.00s WALL (      90 calls)
     h_psi        :      0.12s CPU      0.12s WALL (      93 calls)
     g_psi        :      0.00s CPU      0.00s WALL (      69 calls)

     Called by h_psi:
     h_psi:calbec :      0.01s CPU      0.01s WALL (      93 calls)
     vloc_psi     :      0.11s CPU      0.11s WALL (      93 calls)
     add_vuspsi   :      0.01s CPU      0.01s WALL (      93 calls)

     General routines
     calbec       :      0.01s CPU      0.01s WALL (      93 calls)
     fft          :      0.02s CPU      0.02s WALL (      80 calls)
     ffts         :      0.00s CPU      0.00s WALL (       7 calls)
     fftw         :      0.11s CPU      0.11s WALL (     692 calls)


     PWSCF        :      0.32s CPU      0.32s WALL


   This run was terminated on:  11:39:14  16Jul2025            

=------------------------------------------------------------------------------=
   JOB DONE.
=------------------------------------------------------------------------------=
